// Jest Snapshot v1, https://goo.gl/fbAQLP

exports[`snapshot 1`] = `
<button
  className="css-15x5664 e1kp5q4c0"
/>
`;
